ORIGINAL default
ORIGINAL gain_max
ORIGINAL fenrir
ORIGINAL surtr
ORIGINAL nidhoggr
ORIGINAL fimbulvetr
ORIGINAL ragnarok
ORIGINAL clank_0
ORIGINAL clank_1
ORIGINAL crush_0
ORIGINAL crush_1
ORIGINAL impact_0
ORIGINAL impact_1
ORIGINAL rot_0
ORIGINAL rot_1
ORIGINAL bloom_0
ORIGINAL bloom_1
NAM meshuggah 734757
NAM meshuggah 735012
NAM meshuggah 735033
NAM meshuggah 734717
NAM meshuggah 734756
NAM meshuggah 734449
NAM meshuggah 420066
NAM meshuggah 420065
NAM vh4 569473
NAM vh4 569477
NAM vh4 569474
NAM twinjet 652432
NAM twinjet 652433
NAM twinjet 652434
NAM twinjet 652435
NAM twinjet 652436
NAM twinjet 652437
NAM granophyre 403977
NAM granophyre 421074
NAM granophyre 421075
NAM matamp 614727
NAM matamp 561845
NAM matamp 614703
NAM matamp 561843
NAM matamp 543855
NAM matamp 543854
COMPLETE 26 NAM and 17 Original states
