ORIGINAL default
ORIGINAL gain_max
ORIGINAL fenrir
ORIGINAL surtr
ORIGINAL nidhoggr
ORIGINAL fimbulvetr
ORIGINAL ragnarok
ORIGINAL clank_0
ORIGINAL clank_1
ORIGINAL crush_0
ORIGINAL crush_1
ORIGINAL impact_0
ORIGINAL impact_1
ORIGINAL rot_0
ORIGINAL rot_1
ORIGINAL bloom_0
ORIGINAL bloom_1
ORIGINAL channel_fenrir
ORIGINAL channel_fenrir_gain_max
ORIGINAL channel_fenrir_clank_0
ORIGINAL channel_fenrir_clank_1
ORIGINAL channel_surtr
ORIGINAL channel_surtr_gain_max
ORIGINAL channel_surtr_crush_0
ORIGINAL channel_surtr_crush_1
ORIGINAL channel_nidhoggr
ORIGINAL channel_nidhoggr_gain_max
ORIGINAL channel_nidhoggr_rot_0
ORIGINAL channel_nidhoggr_rot_1
ORIGINAL channel_fimbulvetr
ORIGINAL channel_fimbulvetr_gain_max
ORIGINAL channel_fimbulvetr_bloom_0
ORIGINAL channel_fimbulvetr_bloom_1
ORIGINAL channel_ragnarok
ORIGINAL channel_ragnarok_gain_max
ORIGINAL channel_ragnarok_impact_0
ORIGINAL channel_ragnarok_impact_1
ORIGINAL owner_dual_a
ORIGINAL owner_dual_b
NAM meshuggah 735033
NAM meshuggah 734757
NAM meshuggah 735012
NAM meshuggah 734756
NAM meshuggah 734717
NAM meshuggah 734449
NAM meshuggah 420066
NAM meshuggah 420065
NAM vh4 569473
NAM vh4 569477
NAM vh4 569474
NAM twinjet 652432
NAM twinjet 652434
NAM twinjet 652433
NAM twinjet 652435
NAM twinjet 652436
NAM twinjet 652437
NAM granophyre 403977
NAM granophyre 421075
NAM granophyre 421074
NAM matamp 614727
NAM matamp 614703
NAM matamp 561843
NAM matamp 561845
NAM matamp 543855
NAM matamp 543854
COMPLETE 26 NAM and 39 Original states
